17:38:02 S pairs 56, F pairs 42
17:38:02 run jobs 196, to compute 196 17:38:05 [1/196] flow austin 2026-03-25 2026-06-22: 25909 runs, 2s          17:38:07 [2/196] flow austin 2025-07-11 2025-09-16: 26091 runs, 4s       90% ▕██████████████████████████████████▏   ▏ (<1 second remaining)   17:38:08 [3/196] flow austin 2025-04-12 2025-07-11: 24306 runs, 5s         90% ▕██████████████████████████████████▏   ▏ (<1 second remaining) 32% ▕████████████▏                         ▏ (~4 seconds remaining) 17:38:11 [4/196] flow austin 2026-06-22 2026-08-25: 29877 runs, 6s 32% ▕████████████▏                         ▏ (~3 seconds remaining)
 32% ▕████████████▏                         ▏ (~2 seconds remaining)  32% ▕████████████▏                         ▏ (~1 second remaining)  32% ▕████████████▏                         ▏ (<1 second remaining)  32% ▕████████████▏                         ▏ (~20 seconds remaining)  32% ▕████████████▏                         ▏ (~6 seconds remaining) 32% ▕████████████▏                         ▏ (~6 seconds remaining)                                90% ▕██████████████████████████████████▏   ▏ (<1 second remaining) 82% ▕███████████████████████████████▏      ▏ (~1 second remaining)
 82% ▕███████████████████████████████▏      ▏ (~2 seconds remaining)       17:38:23 [5/196] flow bangkok 2025-03-19 2025-06-24: 38561 runs, 16s    17:38:23 [6/196] flow bangkok 2026-03-30 2026-06-29: 32590 runs, 12s     17:38:23 [7/196] flow bangkok 2025-06-24 2025-08-28: 42372 runs, 15s       82% ▕███████████████████████████████▏      ▏ (<1 second remaining)     90% ▕██████████████████████████████████▏   ▏ (<1 second remaining)  17:38:27 [8/196] flow barwon-south-west-vic 2025-03-21 2025-06-25: 18757 runs, 4s      90% ▕██████████████████████████████████▏   ▏ (<1 second remaining)  17:38:27 [9/196] flow barwon-south-west-vic 2025-06-25 2025-08-30: 21500 runs, 4s         90% ▕██████████████████████████████████▏   ▏ (<1 second remaining)   17:38:31 [10/196] flow barwon-south-west-vic 2026-03-30 2026-06-29: 17817 runs, 4s          90% ▕██████████████████████████████████▏   ▏ (<1 second remaining)  17:38:31 [11/196] flow barwon-south-west-vic 2026-06-29 2026-08-31: 21413 runs, 4s       17:38:33 [12/196] flow belize 2025-03-23 2025-06-25: 9675 runs, 2s
17:38:34 [13/196] flow belize 2025-06-25 2025-08-30: 9114 runs, 2s
17:38:35 [14/196] flow belize 2026-03-30 2026-06-29: 9345 runs, 2s
17:38:36 [15/196] flow belize 2026-06-29 2026-08-31: 9774 runs, 2s           17:38:39 [16/196] flow bangkok 2026-06-29 2026-08-30: 51933 runs, 16s                                 17:38:44 [17/196] flow chicago 2025-04-17 2025-07-20: 24402 runs, 5s                                           90% ▕██████████████████████████████████▏   ▏ (<1 second remaining)  17:38:49 [18/196] flow chicago 2025-07-20 2025-09-22: 21549 runs, 5s  17:38:49 [19/196] flow buenos-aires 2025-07-27 2025-09-27: 61522 runs, 14s          17:38:52 [20/196] flow buenos-aires 2026-06-29 2026-08-30: 68213 runs, 16s      17:38:53 [21/196] flow chicago 2026-03-27 2026-06-24: 27832 runs, 4s     90% ▕██████████████████████████████████▏   ▏ (<1 second remaining)  17:38:54 [22/196] flow chicago 2026-06-24 2026-08-27: 27619 runs, 5s     17:38:56 [23/196] flow hong-kong 2025-04-20 2025-07-24: 9578 runs, 4s    90% ▕██████████████████████████████████▏   ▏ (<1 second remaining)   17:38:57 [24/196] flow hong-kong 2025-07-24 2025-09-23: 12134 runs, 4s           17:38:57 [25/196] flow hong-kong 2026-03-29 2026-06-27: 5880 runs, 3s                  17:38:59 [26/196] flow hong-kong 2026-06-27 2026-08-28: 12035 runs, 3s                                                                                                 90% ▕██████████████████████████████████▏   ▏ (<1 second remaining)    17:39:20 [27/196] flow los-angeles 2025-04-01 2025-07-01: 62244 runs, 23s    90% ▕██████████████████████████████████▏   ▏ (<1 second remaining)   90% ▕██████████████████████████████████▏   ▏ (<1 second remaining)    17:39:21 [28/196] flow los-angeles 2025-07-01 2025-09-01: 65628 runs, 24s
17:39:21 [29/196] flow los-angeles 2026-03-16 2026-06-15: 80773 runs, 22s                                                       90% ▕██████████████████████████████████▏   ▏ (<1 second remaining)   17:39:34 [30/196] flow mexico-city 2025-06-25 2025-08-29: 66488 runs, 13s          17:39:35 [31/196] flow mexico-city 2026-06-15 2026-08-30: 80153 runs, 14s   17:39:36 [32/196] flow mid-north-coast 2025-04-07 2025-07-07: 15360 runs, 2s    90% ▕██████████████████████████████████▏   ▏ (<1 second remaining)  17:39:38 [33/196] flow mid-north-coast 2026-03-21 2026-06-19: 15076 runs, 3s                90% ▕██████████████████████████████████▏   ▏ (<1 second remaining) 17:39:40 [34/196] flow mornington-peninsula 2025-04-14 2025-07-17: 10585 runs, 4s  90% ▕██████████████████████████████████▏   ▏ (<1 second remaining)    17:39:42 [35/196] flow los-angeles 2026-06-15 2026-08-10: 73208 runs, 22s              90% ▕██████████████████████████████████▏   ▏ (<1 second remaining)  17:39:43 [36/196] flow mornington-peninsula 2025-07-17 2025-09-18: 13373 runs, 4s     90% ▕██████████████████████████████████▏   ▏ (<1 second remaining) 17:39:44 [37/196] flow mornington-peninsula 2026-03-25 2026-06-22: 9719 runs, 4s   17:39:45 [38/196] flow mornington-peninsula 2026-06-22 2026-08-26: 12979 runs, 3s                    90% ▕██████████████████████████████████▏   ▏ (<1 second remaining)   17:39:49 [39/196] flow nashville 2025-04-18 2025-07-22: 39854 runs, 6s          90% ▕██████████████████████████████████▏   ▏ (<1 second remaining)     17:39:50 [40/196] flow nashville 2025-07-22 2025-09-23: 39439 runs, 7s
17:39:50 [41/196] flow nashville 2026-03-28 2026-06-26: 36204 runs, 5s           90% ▕██████████████████████████████████▏   ▏ (<1 second remaining) 90% ▕██████████████████████████████████▏   ▏ (<1 second remaining)   17:39:55 [42/196] flow new-orleans 2026-06-16 2026-08-15: 23240 runs, 5s
17:39:55 [43/196] flow new-orleans 2025-07-05 2025-09-11: 23416 runs, 5s       17:39:56 [44/196] flow nashville 2026-06-26 2026-08-27: 47688 runs, 7s                                90% ▕██████████████████████████████████▏   ▏ (<1 second remaining)      17:39:59 [45/196] flow northern-rivers 2025-04-17 2025-07-20: 19310 runs, 4s
17:39:59 [46/196] flow northern-rivers 2025-07-20 2025-09-22: 20697 runs, 4s             90% ▕██████████████████████████████████▏   ▏ (<1 second remaining) 17:40:00 [47/196] flow northern-rivers 2026-03-27 2026-06-24: 19157 runs, 4s         90% ▕██████████████████████████████████▏   ▏ (<1 second remaining)  17:40:03 [48/196] flow northern-rivers 2026-06-24 2026-08-27: 22340 runs, 4s                                                                                    53% ▕████████████████████▏                 ▏ (~2 seconds remaining)              82% ▕███████████████████████████████▏      ▏ (<1 second remaining)                                        17:40:35 [49/196] flow paris 2026-03-21 2026-06-16: 133405 runs, 32s                                     90% ▕██████████████████████████████████▏   ▏ (<1 second remaining)      90% ▕██████████████████████████████████▏   ▏ (<1 second remaining)
 90% ▕██████████████████████████████████▏   ▏ (~1 second remaining)
 90% ▕██████████████████████████████████▏   ▏ (~2 seconds remaining)
 90% ▕██████████████████████████████████▏   ▏ (~26 seconds remaining)
 90% ▕██████████████████████████████████▏   ▏ (~5 seconds remaining)
 90% ▕██████████████████████████████████▏   ▏ (~1 second remaining)
 90% ▕██████████████████████████████████▏   ▏ (~2 seconds remaining) 17:40:46 [50/196] flow paris 2025-07-07 2025-09-12: 139086 runs, 46s  17:40:46 [51/196] flow paris 2025-04-07 2025-07-07: 149680 runs, 47s    32% ▕████████████▏                         ▏ (~4 seconds remaining)
 32% ▕████████████▏                         ▏ (~3 seconds remaining)   32% ▕████████████▏                         ▏ (~2 seconds remaining)  32% ▕████████████▏                         ▏ (~1 second remaining)   32% ▕████████████▏                         ▏ (<1 second remaining)   32% ▕████████████▏                         ▏ (~11 seconds remaining)
 32% ▕████████████▏                         ▏ (~6 seconds remaining)  32% ▕████████████▏                         ▏ (~5 seconds remaining)    32% ▕████████████▏                         ▏ (~4 seconds remaining)   32% ▕████████████▏                         ▏ (~3 seconds remaining) 32% ▕████████████▏                         ▏ (~2 seconds remaining)      32% ▕████████████▏                         ▏ (~1 second remaining)                    61% ▕███████████████████████▏              ▏ (~1 second remaining)                                17:41:10 [52/196] flow rio-de-janeiro 2025-06-24 2025-08-28: 78197 runs, 24s    90% ▕██████████████████████████████████▏   ▏ (<1 second remaining)    17:41:13 [53/196] flow rio-de-janeiro 2026-06-24 2026-08-30: 101087 runs, 27s      90% ▕██████████████████████████████████▏   ▏ (<1 second remaining)
 90% ▕██████████████████████████████████▏   ▏ (~1 second remaining)   17:41:16 [54/196] flow paris 2026-06-16 2026-08-15: 138015 runs, 41s                                                                          40% ▕███████████████▏                      ▏ (~3 seconds remaining)                        90% ▕██████████████████████████████████▏   ▏ (<1 second remaining)
 90% ▕██████████████████████████████████▏   ▏ (~1 second remaining)   17:41:34 [55/196] flow rome 2025-03-05 2025-06-12: 170911 runs, 24s                 90% ▕██████████████████████████████████▏   ▏ (<1 second remaining)
 90% ▕██████████████████████████████████▏   ▏ (~1 second remaining)    90% ▕██████████████████████████████████▏   ▏ (<1 second remaining)
 90% ▕██████████████████████████████████▏   ▏ (~1 second remaining)
 90% ▕██████████████████████████████████▏   ▏ (~2 seconds remaining)    17:41:39 [56/196] flow rome 2025-06-12 2025-08-15: 140648 runs, 26s  17:41:39 [57/196] flow rome 2026-03-24 2026-06-20: 173654 runs, 23s                         90% ▕██████████████████████████████████▏   ▏ (<1 second remaining)
 90% ▕██████████████████████████████████▏   ▏ (~1 second remaining)  90% ▕██████████████████████████████████▏   ▏ (~2 seconds remaining)     17:41:45 [58/196] flow san-diego 2025-04-21 2025-07-25: 36027 runs, 6s
 90% ▕██████████████████████████████████▏   ▏ (<1 second remaining)
 90% ▕██████████████████████████████████▏   ▏ (~1 second remaining)  17:41:45 [59/196] flow san-diego 2025-07-25 2025-09-25: 36123 runs, 5s           82% ▕███████████████████████████████▏      ▏ (<1 second remaining)       90% ▕██████████████████████████████████▏   ▏ (<1 second remaining)
 90% ▕██████████████████████████████████▏   ▏ (~1 second remaining)  90% ▕██████████████████████████████████▏   ▏ (<1 second remaining)     17:41:49 [60/196] flow san-diego 2026-03-29 2026-06-27: 43224 runs, 4s  17:41:49 [61/196] flow rome 2026-06-20 2026-08-25: 167446 runs, 15s 90% ▕██████████████████████████████████▏   ▏ (<1 second remaining)  17:41:49 [62/196] flow san-diego 2026-06-27 2026-08-29: 38184 runs, 4s
17:41:50 [63/196] flow singapore 2025-03-21 2025-06-25: 4767 runs, 1s      17:41:52 [64/196] flow singapore 2025-06-25 2025-08-30: 3677 runs, 1s      17:41:53 [65/196] flow singapore 2026-03-30 2026-06-29: 4530 runs, 1s     90% ▕██████████████████████████████████▏   ▏ (<1 second remaining)
 90% ▕██████████████████████████████████▏   ▏ (~1 second remaining) 17:41:53 [66/196] flow santiago 2025-07-27 2025-09-27: 26754 runs, 5s 17:41:54 [67/196] flow singapore 2026-06-29 2026-08-31: 4905 runs, 1s     90% ▕██████████████████████████████████▏   ▏ (<1 second remaining)  17:41:54 [68/196] flow santiago 2026-06-29 2026-08-30: 37051 runs, 5s
17:41:56 [69/196] flow sunshine-coast 2025-06-28 2025-08-31: 28096 runs, 2s  90% ▕██████████████████████████████████▏   ▏ (<1 second remaining)    17:41:57 [70/196] flow sunshine-coast 2026-06-30 2026-08-31: 28866 runs, 3s  17:41:57 [71/196] flow taipei 2025-06-29 2025-08-31: 16265 runs, 3s           90% ▕██████████████████████████████████▏   ▏ (<1 second remaining)   17:42:00 [72/196] flow taipei 2026-06-30 2026-08-31: 17992 runs, 5s    90% ▕██████████████████████████████████▏   ▏ (<1 second remaining)    17:42:01 [73/196] flow tasmania 2025-04-05 2025-07-05: 32234 runs, 4s   90% ▕██████████████████████████████████▏   ▏ (<1 second remaining)  17:42:01 [74/196] flow tasmania 2025-07-05 2025-09-11: 36859 runs, 4s     90% ▕██████████████████████████████████▏   ▏ (<1 second remaining)  17:42:04 [75/196] flow tasmania 2026-03-19 2026-06-15: 32856 runs, 3s     90% ▕██████████████████████████████████▏   ▏ (<1 second remaining)  17:42:04 [76/196] flow tasmania 2026-06-15 2026-08-13: 33940 runs, 3s                                            90% ▕██████████████████████████████████▏   ▏ (<1 second remaining)   17:42:13 [77/196] flow tokyo 2025-03-23 2025-06-27: 91035 runs, 12s            90% ▕██████████████████████████████████▏   ▏ (<1 second remaining)  17:42:17 [78/196] flow tokyo 2025-06-27 2025-08-30: 121329 runs, 14s        17:42:19 [79/196] flow tokyo 2026-03-30 2026-06-30: 115840 runs, 15s         32% ▕████████████▏                         ▏ (~4 seconds remaining)
 32% ▕████████████▏                         ▏ (~3 seconds remaining)                             90% ▕██████████████████████████████████▏   ▏ (<1 second remaining)  17:42:24 [80/196] flow western-australia 2025-03-18 2025-06-23: 51291 runs, 7s  82% ▕███████████████████████████████▏      ▏ (<1 second remaining)        17:42:25 [81/196] flow western-australia 2025-06-23 2025-08-28: 53442 runs, 7s                 90% ▕██████████████████████████████████▏   ▏ (<1 second remaining)   17:42:30 [82/196] flow western-australia 2026-03-29 2026-06-28: 48020 runs, 5s   90% ▕██████████████████████████████████▏   ▏ (<1 second remaining) 82% ▕███████████████████████████████▏      ▏ (<1 second remaining)        90% ▕██████████████████████████████████▏   ▏ (<1 second remaining)     17:42:31 [83/196] flow tokyo 2026-06-30 2026-08-31: 166025 runs, 18s
 90% ▕██████████████████████████████████▏   ▏ (~1 second remaining) 17:42:31 [84/196] flow western-australia 2026-06-28 2026-08-30: 53461 runs, 6s                 17:42:34 [85/196] stock austin 2025-05-11: 54067 runs, 5s 17:42:35 [86/196] stock austin 2026-06-22: 52867 runs, 3s                         17:42:36 [87/196] stock austin 2025-08-16: 57707 runs, 5s      17:42:37 [88/196] stock austin 2026-08-25: 57661 runs, 3s                      17:42:41 [89/196] stock bangkok 2025-06-24: 68699 runs, 7s       17:42:42 [90/196] stock bangkok 2025-08-28: 73359 runs, 6s    17:42:43 [91/196] stock bangkok 2026-06-29: 77365 runs, 6s                   17:42:47 [92/196] stock barcelona 2026-08-23: 89223 runs, 4s
17:42:47 [93/196] stock barcelona 2025-08-10: 90967 runs, 5s
17:42:47 [94/196] stock barossa-valley 2025-09-27: 3992 runs, 0s
17:42:47 [95/196] stock barossa-valley 2026-08-30: 3669 runs, 0s 17:42:47 [96/196] stock bangkok 2026-08-30: 83265 runs, 6s
17:42:49 [97/196] stock barwon-south-west-vic 2025-06-25: 38686 runs, 2s
17:42:49 [98/196] stock barwon-south-west-vic 2025-08-30: 46327 runs, 2s
17:42:49 [99/196] stock barwon-south-west-vic 2026-06-29: 37486 runs, 2s
17:42:50 [100/196] stock belize 2025-08-30: 18384 runs, 1s
17:42:50 [101/196] stock belize 2025-06-25: 17065 runs, 1s
17:42:51 [102/196] stock belize 2026-08-31: 19421 runs, 1s
17:42:51 [103/196] stock barwon-south-west-vic 2026-08-31: 43851 runs, 2s
17:42:51 [104/196] stock belize 2026-06-29: 19990 runs, 1s
17:42:53 [105/196] stock brisbane 2025-08-04: 32261 runs, 2s
17:42:53 [106/196] stock brisbane 2026-08-13: 35465 runs, 2s                   17:42:56 [107/196] stock buenos-aires 2025-07-27: 95310 runs, 5s                           17:42:59 [108/196] stock buenos-aires 2025-08-29: 102310 runs, 6s 17:42:59 [109/196] stock buenos-aires 2026-06-29: 106382 runs, 6s                                                                      17:43:02 [110/196] stock chicago 2025-05-14: 55266 runs, 3s    17:43:02 [111/196] stock chicago 2025-08-19: 43029 runs, 3s 17:43:02 [112/196] stock buenos-aires 2026-08-30: 113778 runs, 6s  17:43:04 [113/196] stock chicago 2026-06-24: 56081 runs, 2s
17:43:04 [114/196] stock hong-kong 2025-05-18: 16338 runs, 2s    17:43:04 [115/196] stock chicago 2026-08-27: 49399 runs, 3s
17:43:06 [116/196] stock hong-kong 2026-06-27: 18584 runs, 2s
17:43:06 [117/196] stock hong-kong 2025-08-24: 20222 runs, 2s
17:43:06 [118/196] stock hong-kong 2026-08-28: 21187 runs, 2s 48% ▕██████████████████▏                   ▏ (~2 seconds remaining)                                         17:43:15 [119/196] stock los-angeles 2025-07-01: 133320 runs, 9s                                           17:43:25 [120/196] stock los-angeles 2025-08-01: 130398 runs, 10s 17:43:27 [121/196] stock london 2026-08-18: 351408 runs, 21s   17:43:28 [122/196] stock london 2025-09-14: 342415 runs, 22s                               17:43:33 [123/196] stock los-angeles 2026-06-15: 159129 runs, 8s 17:43:33 [124/196] stock melbourne 2025-08-05: 111747 runs, 5s    17:43:35 [125/196] stock los-angeles 2026-08-10: 144336 runs, 7s                   17:43:38 [126/196] stock melbourne 2026-08-15: 124263 runs, 5s 17:43:38 [127/196] stock mexico-city 2025-06-25: 100983 runs, 5s            17:43:40 [128/196] stock mexico-city 2025-08-29: 116170 runs, 5s      17:43:41 [129/196] stock mid-north-coast 2025-05-06: 29183 runs, 2s           17:43:43 [130/196] stock mexico-city 2026-06-15: 127238 runs, 5s 17:43:43 [131/196] stock mid-north-coast 2025-08-08: 32307 runs, 2s
17:43:43 [132/196] stock mexico-city 2026-08-30: 131544 runs, 5s
17:43:44 [133/196] stock mid-north-coast 2026-06-19: 34009 runs, 2s
17:43:45 [134/196] stock mid-north-coast 2026-08-18: 37174 runs, 2s
17:43:45 [135/196] stock mornington-peninsula 2025-05-13: 18269 runs, 2s
17:43:46 [136/196] stock mornington-peninsula 2025-08-17: 22766 runs, 1s
17:43:46 [137/196] stock mornington-peninsula 2026-08-26: 25477 runs, 1s
17:43:46 [138/196] stock mornington-peninsula 2026-06-22: 20574 runs, 1s
17:43:47 [139/196] stock nashville 2025-08-23: 69902 runs, 2s
17:43:48 [140/196] stock nashville 2025-05-17: 74022 runs, 2s
17:43:48 [141/196] stock nashville 2026-06-26: 82585 runs, 2s
17:43:49 [142/196] stock nashville 2026-08-27: 80048 runs, 2s         17:43:50 [143/196] stock new-orleans 2025-08-05: 39731 runs, 2s 17:43:50 [144/196] stock new-orleans 2025-07-05: 37659 runs, 3s
17:43:51 [145/196] stock new-orleans 2026-06-16: 42777 runs, 2s
17:43:52 [146/196] stock new-orleans 2026-08-15: 49666 runs, 2s
17:43:52 [147/196] stock northern-rivers 2025-05-14: 35671 runs, 2s
17:43:54 [148/196] stock northern-rivers 2025-08-19: 39986 runs, 2s
17:43:54 [149/196] stock northern-rivers 2026-06-24: 40856 runs, 2s
17:43:54 [150/196] stock northern-rivers 2026-08-27: 44271 runs, 2s                                                                               17:44:11 [151/196] stock paris 2026-06-16: 308587 runs, 16s 17:44:13 [152/196] stock paris 2025-08-08: 311432 runs, 18s   17:44:14 [153/196] stock paris 2025-05-03: 362269 runs, 20s                                17:44:22 [154/196] stock rio-de-janeiro 2025-06-24: 133153 runs, 9s 17:44:24 [155/196] stock rio-de-janeiro 2025-08-28: 155201 runs, 10s                                 17:44:34 [156/196] stock paris 2026-08-15: 297031 runs, 23s                          17:44:38 [157/196] stock rio-de-janeiro 2026-06-24: 179865 runs, 17s   17:44:40 [158/196] stock rio-de-janeiro 2026-08-30: 205072 runs, 16s                         17:44:45 [159/196] stock rome 2025-06-12: 276234 runs, 11s                            17:44:49 [160/196] stock rome 2025-08-15: 265024 runs, 11s 17:44:49 [161/196] stock rome 2026-06-20: 297623 runs, 9s   17:44:51 [162/196] stock san-diego 2025-05-21: 76169 runs, 2s   17:44:51 [163/196] stock san-diego 2025-08-26: 65164 runs, 2s 17:44:52 [164/196] stock rome 2026-08-25: 268975 runs, 7s
17:44:53 [165/196] stock san-diego 2026-06-27: 75667 runs, 2s
17:44:53 [166/196] stock san-diego 2026-08-29: 69734 runs, 2s
17:44:54 [167/196] stock santiago 2025-07-27: 50667 runs, 2s
17:44:55 [168/196] stock santiago 2025-08-29: 48703 runs, 2s
17:44:55 [169/196] stock santiago 2026-06-29: 71229 runs, 2s
17:44:56 [170/196] stock singapore 2025-06-25: 9366 runs, 1s 17:44:56 [171/196] stock santiago 2026-08-30: 62702 runs, 2s
17:44:56 [172/196] stock singapore 2025-08-30: 7661 runs, 1s
17:44:56 [173/196] stock singapore 2026-06-29: 11064 runs, 1s
17:44:57 [174/196] stock singapore 2026-08-31: 9052 runs, 1s
17:44:58 [175/196] stock sunshine-coast 2025-06-28: 55006 runs, 2s
17:44:58 [176/196] stock sunshine-coast 2025-08-31: 55742 runs, 2s
17:44:59 [177/196] stock sunshine-coast 2026-06-30: 57399 runs, 2s
17:45:00 [178/196] stock sunshine-coast 2026-08-31: 57187 runs, 2s          17:45:02 [179/196] stock taipei 2025-06-29: 26572 runs, 2s 17:45:02 [180/196] stock sydney 2025-08-05: 94406 runs, 3s 17:45:02 [181/196] stock sydney 2026-08-15: 111044 runs, 3s
17:45:03 [182/196] stock taipei 2025-08-31: 31225 runs, 2s
17:45:04 [183/196] stock taipei 2026-06-30: 27415 runs, 2s
17:45:04 [184/196] stock taipei 2026-08-31: 32324 runs, 2s
17:45:05 [185/196] stock tasmania 2025-05-03: 48280 runs, 2s
17:45:05 [186/196] stock tasmania 2025-08-04: 59782 runs, 2s
17:45:05 [187/196] stock tasmania 2026-06-15: 54601 runs, 2s
17:45:07 [188/196] stock tasmania 2026-08-13: 63623 runs, 2s                  17:45:10 [189/196] stock tokyo 2025-06-27: 187917 runs, 4s   17:45:10 [190/196] stock tokyo 2025-08-30: 223673 runs, 5s        17:45:12 [191/196] stock tokyo 2026-06-30: 251233 runs, 5s 17:45:12 [192/196] stock western-australia 2025-06-23: 94558 runs, 2s   17:45:14 [193/196] stock western-australia 2026-06-28: 94684 runs, 2s      17:45:14 [194/196] stock western-australia 2025-08-28: 101723 runs, 2s      17:45:16 [195/196] stock tokyo 2026-08-31: 286865 runs, 6s
17:45:16 [196/196] stock western-australia 2026-08-30: 100459 runs, 2s
17:45:46 reproduction vs I2:
quarter          weighting  los_pp_here  los_pp_I2   diff
   2Q26 occupancy_weighted       0.2575     0.2571 0.0003
   2Q26         unweighted       0.2889     0.2887 0.0002
   3Q26 occupancy_weighted       0.0309     0.0309 0.0000
   3Q26         unweighted       0.0817     0.0817 0.0001
GATE PASS
17:47:23 delta by construction:
construction weighting  n_markets  los_2Q26_pp  los_3Q26_pp  delta_pp
           S        W1         24        0.257        0.013    -0.245
           S        W0         24        0.289        0.122    -0.167
           F        W1         16        0.322        0.061    -0.261
           F        W0         16        0.540        0.156    -0.383
17:47:23 point -0.253pp, bootstrap p10/p90 -0.319/-0.194, band [-0.383, -0.167], F used: True
17:47:23 World Cup LOS DDD:
           group                window  n_markets  los_yoy_pp  ge28_late  ge28_old  lt7_late  lt7_old
            host            tournament          2       0.241      0.045     0.052     0.635    0.586
            host                  post          2       0.040      0.058     0.060     0.629    0.624
         control            tournament          7      -0.262      0.050     0.039     0.568    0.610
         control                  post          7      -0.006      0.047     0.049     0.668    0.679
host:los-angeles DDD vs pooled control          1       0.398        NaN       NaN       NaN      NaN
host:mexico-city DDD vs pooled control          1       0.539        NaN       NaN       NaN      NaN
  host - control                   DDD          9       0.457        NaN       NaN       NaN      NaN
 nights  f_2Q26  host_share_of_2Q26_nights  global_2Q26_los_pp
covered     1.0                     0.0103              0.0047
covered     0.5                     0.0052              0.0024
 scaled     1.0                     0.0156              0.0071
 scaled     0.5                     0.0078              0.0036
central global effect +0.0047pp -> immaterial, not added
17:47:24 DONE: forward LOS 3Q26/4Q26 = 0.047pp (in-core fill 0.3); band [-0.083, 0.133]
exit 0
