                 week week_start  los-angeles_minus_controls  mexico-city_minus_controls  chicago_only_LA  in_T
2026-03-16/2026-03-22 2026-03-16                     -0.1230                         NaN              NaN False
2026-03-23/2026-03-29 2026-03-23                     -0.1017                         NaN              NaN False
2026-03-30/2026-04-05 2026-03-30                     -0.1007                     -0.0683              NaN False
2026-04-06/2026-04-12 2026-04-06                     -0.1129                     -0.0935              NaN False
2026-04-13/2026-04-19 2026-04-13                     -0.1029                     -0.1364              NaN False
2026-04-20/2026-04-26 2026-04-20                     -0.0403                     -0.0674           0.1062 False
2026-04-27/2026-05-03 2026-04-27                     -0.0686                     -0.0473           0.0784 False
2026-05-04/2026-05-10 2026-05-04                     -0.0397                     -0.0249           0.0239 False
2026-05-11/2026-05-17 2026-05-11                     -0.0313                     -0.0539           0.0463 False
2026-05-18/2026-05-24 2026-05-18                      0.0033                     -0.0635           0.0302 False
2026-05-25/2026-05-31 2026-05-25                      0.0032                      0.0039           0.0396 False
2026-06-01/2026-06-07 2026-06-01                     -0.0120                      0.0185          -0.0475 False
2026-06-08/2026-06-14 2026-06-08                      0.0731                      0.1871           0.0103  True
2026-06-15/2026-06-21 2026-06-15                      0.0559                      0.1046           0.0257  True
2026-06-22/2026-06-28 2026-06-22                      0.0560                      0.1129           0.0086  True
2026-06-29/2026-07-05 2026-06-29                      0.0488                      0.0920           0.0303  True
2026-07-06/2026-07-12 2026-07-06                      0.0696                      0.0563           0.0052  True
2026-07-13/2026-07-19 2026-07-13                      0.0098                     -0.0317          -0.0798  True
2026-07-20/2026-07-26 2026-07-20                      0.0160                     -0.0402          -0.0781 False
2026-07-27/2026-08-02 2026-07-27                     -0.0094                     -0.0634          -0.1640 False
2026-08-03/2026-08-09 2026-08-03                      0.0106                     -0.0131          -0.0968 False
2026-08-10/2026-08-16 2026-08-10                      0.0436                     -0.0256          -0.0177 False
2026-08-17/2026-08-23 2026-08-17                      0.0351                     -0.0033          -0.0331 False
2026-08-24/2026-08-30 2026-08-24                      0.0074                     -0.0296          -0.0314 False
2026-08-31/2026-09-06 2026-08-31                      0.0348                      0.0157           0.0286 False
2026-09-07/2026-09-13 2026-09-07                      0.0068                     -0.0134           0.0419 False
2026-09-14/2026-09-20 2026-09-14                     -0.0852                     -0.0978          -0.1192 False
2026-09-21/2026-09-27 2026-09-21                     -0.0400                     -0.0654          -0.0394 False
2026-09-28/2026-10-04 2026-09-28                         NaN                     -0.1129              NaN False
2026-10-05/2026-10-11 2026-10-05                         NaN                     -0.1433              NaN False
2026-10-12/2026-10-18 2026-10-12                         NaN                         NaN              NaN False
                    series   pre_T      T  post_T  T_minus_avg_pre_post  n_weeks_pre  n_weeks_T  n_weeks_post
los-angeles_minus_controls -0.0446 0.0522  0.0197                0.0646            9          6             7
mexico-city_minus_controls -0.0516 0.0869 -0.0228                0.1241            9          6             7
           chicago_only_LA  0.0396 0.0001 -0.0561                0.0083            9          6             7
P1 with Chicago as the only control: {'premium': 0.031689415000533, 'lo': 0.023993705262905167, 'hi': 0.039442960980768035, 'n': 259312}
                          premium_source  premium                     timing                  coverage  effect_2Q26_pp  adr_4Q26_usd_move
                         P1 pooled 11.1%    0.111 f_2Q26 = 1.0 (all in 2Q26)       covered, summer 1.0           0.156             -0.262
                         P1 pooled 11.1%    0.111 f_2Q26 = 1.0 (all in 2Q26) central cover, summer 1.0           0.196             -0.328
                         P1 pooled 11.1%    0.111 f_2Q26 = 1.0 (all in 2Q26)        scaled, summer 1.3           0.306             -0.513
                         P1 pooled 11.1%    0.111               f_2Q26 = 0.5       covered, summer 1.0           0.078             -0.131
                         P1 pooled 11.1%    0.111               f_2Q26 = 0.5 central cover, summer 1.0           0.098             -0.164
                         P1 pooled 11.1%    0.111               f_2Q26 = 0.5        scaled, summer 1.3           0.153             -0.257
                         P1 Chicago-only    0.032 f_2Q26 = 1.0 (all in 2Q26)       covered, summer 1.0           0.044             -0.075
                         P1 Chicago-only    0.032 f_2Q26 = 1.0 (all in 2Q26) central cover, summer 1.0           0.056             -0.093
                         P1 Chicago-only    0.032 f_2Q26 = 1.0 (all in 2Q26)        scaled, summer 1.3           0.087             -0.146
                         P1 Chicago-only    0.032               f_2Q26 = 0.5       covered, summer 1.0           0.022             -0.037
                         P1 Chicago-only    0.032               f_2Q26 = 0.5 central cover, summer 1.0           0.028             -0.047
                         P1 Chicago-only    0.032               f_2Q26 = 0.5        scaled, summer 1.3           0.044             -0.073
P2 match nights only (8.9% x m_bar 0.32)    0.029 f_2Q26 = 1.0 (all in 2Q26)       covered, summer 1.0           0.040             -0.067
P2 match nights only (8.9% x m_bar 0.32)    0.029 f_2Q26 = 1.0 (all in 2Q26) central cover, summer 1.0           0.050             -0.084
P2 match nights only (8.9% x m_bar 0.32)    0.029 f_2Q26 = 1.0 (all in 2Q26)        scaled, summer 1.3           0.079             -0.132
P2 match nights only (8.9% x m_bar 0.32)    0.029               f_2Q26 = 0.5       covered, summer 1.0           0.020             -0.034
P2 match nights only (8.9% x m_bar 0.32)    0.029               f_2Q26 = 0.5 central cover, summer 1.0           0.025             -0.042
P2 match nights only (8.9% x m_bar 0.32)    0.029               f_2Q26 = 0.5        scaled, summer 1.3           0.039             -0.066
