13:58:41 seeded 0 cache files from C:\Users\krish\citadel-abnb-q3nowcast\data\processed\q3nowcast\E\cache (728 now in cache)
13:58:41 479 reviews files across 2 folders
13:58:41 364 cached, 115 to count afresh
13:58:49 cached [100/364]
13:59:03 cached [200/364]
13:59:12 cached [300/364]
13:59:18 [1/115] australia_nsw_mid-north-coast_2023-05-13_reviews.csv.gz rows 132
13:59:18 [2/115] australia_nsw_northern-rivers_2023-03-18_reviews.csv.gz rows 138
13:59:18 [3/115] australia_sa_barossa-valley_2023-03-29_reviews.csv.gz rows 114
13:59:19 [4/115] argentina_ciudad-autónoma-de-buenos-aires_buenos-aires_2023-03-29_reviews.csv.gz rows 153
13:59:19 [5/115] australia_nsw_sydney_2023-03-13_reviews.csv.gz rows 153
13:59:19 [6/115] australia_tas_tasmania_2023-03-09_reviews.csv.gz rows 131
13:59:20 [7/115] australia_vic_barwon-south-west-vic_2023-03-29_reviews.csv.gz rows 135
13:59:20 [8/115] australia_vic_mornington-peninsula_2023-03-17_reviews.csv.gz rows 128
13:59:22 [9/115] australia_vic_melbourne_2023-03-13_reviews.csv.gz rows 152
13:59:22 [10/115] australia_wa_western-australia_2023-03-27_reviews.csv.gz rows 144
13:59:22 [11/115] austria_vienna_vienna_2023-03-15_reviews.csv.gz rows 148
13:59:22 [12/115] belgium_vlg_ghent_2023-03-28_reviews.csv.gz rows 138
13:59:22 [13/115] belgium_vlg_antwerp_2023-03-29_reviews.csv.gz rows 134
13:59:22 [14/115] belize_bz_belize_2023-03-30_reviews.csv.gz rows 149
13:59:22 [15/115] belgium_bru_brussels_2023-03-24_reviews.csv.gz rows 146
13:59:23 [16/115] canada_bc_vancouver_2023-03-14_reviews.csv.gz rows 156
13:59:23 [17/115] canada_bc_victoria_2023-03-30_reviews.csv.gz rows 138
13:59:23 [18/115] canada_mb_winnipeg_2023-03-17_reviews.csv.gz rows 117
13:59:23 [19/115] canada_nb_new-brunswick_2023-03-30_reviews.csv.gz rows 114
13:59:24 [20/115] brazil_rj_rio-de-janeiro_2023-03-28_reviews.csv.gz rows 154
13:59:24 [21/115] canada_qc_quebec-city_2023-05-13_reviews.csv.gz rows 137
13:59:24 [22/115] canada_qc_montreal_2023-05-10_reviews.csv.gz rows 151
13:59:24 [23/115] canada_on_toronto_2023-03-09_reviews.csv.gz rows 163
13:59:25 [24/115] china_hk_hong-kong_2023-03-24_reviews.csv.gz rows 154
13:59:25 [25/115] chile_rm_santiago_2023-03-29_reviews.csv.gz rows 145
13:59:25 [26/115] denmark_hovedstaden_copenhagen_2023-03-31_reviews.csv.gz rows 159
13:59:26 [27/115] france_auvergne-rhone-alpes_lyon_2023-03-16_reviews.csv.gz rows 148
13:59:26 [28/115] czech-republic_prague_prague_2023-03-23_reviews.csv.gz rows 154
13:59:27 [29/115] france_nouvelle-aquitaine_bordeaux_2023-03-16_reviews.csv.gz rows 134
13:59:27 [30/115] france_pyrénées-atlantiques_pays-basque_2023-03-18_reviews.csv.gz rows 134
13:59:28 [31/115] germany_bv_munich_2023-03-29_reviews.csv.gz rows 142
13:59:28 [32/115] germany_be_berlin_2023-03-19_reviews.csv.gz rows 156
13:59:29 [33/115] greece_central-macedonia_thessaloniki_2023-03-27_reviews.csv.gz rows 135
13:59:30 [34/115] greece_attica_athens_2023-03-27_reviews.csv.gz rows 145
13:59:31 [35/115] greece_crete_crete_2023-03-30_reviews.csv.gz rows 141
13:59:31 [36/115] france_ile-de-france_paris_2023-03-13_reviews.csv.gz rows 163
13:59:32 [37/115] ireland_leinster_dublin_2023-03-15_reviews.csv.gz rows 145
13:59:32 [38/115] greece_south-aegean_south-aegean_2023-03-19_reviews.csv.gz rows 137
13:59:32 [39/115] italy_emilia-romagna_bologna_2023-03-19_reviews.csv.gz rows 148
13:59:33 [40/115] italy_campania_naples_2023-03-19_reviews.csv.gz rows 145
13:59:33 [41/115] italy_lombardia_bergamo_2023-03-31_reviews.csv.gz rows 136
13:59:34 [42/115] ireland_2023-03-30_reviews.csv.gz rows 146
13:59:35 [43/115] italy_lombardy_milan_2023-03-19_reviews.csv.gz rows 149
13:59:36 [44/115] italy_puglia_puglia_2023-03-31_reviews.csv.gz rows 145
13:59:38 [45/115] italy_lazio_rome_2023-03-15_reviews.csv.gz rows 155
13:59:38 [46/115] italy_trentino-alto-adige-südtirol_trentino_2023-03-31_reviews.csv.gz rows 136
13:59:38 [47/115] italy_toscana_florence_2023-03-19_reviews.csv.gz rows 154
13:59:38 [48/115] italy_sicilia_sicily_2023-03-31_reviews.csv.gz rows 149
13:59:39 [49/115] latvia_riga_riga_2023-03-31_reviews.csv.gz rows 140
13:59:39 [50/115] japan_kanto_tokyo_2023-03-31_reviews.csv.gz rows 135
13:59:40 [51/115] malta_2023-03-31_reviews.csv.gz rows 139
13:59:40 [52/115] italy_veneto_venice_2023-03-07_reviews.csv.gz rows 156
13:59:41 [53/115] norway_oslo_oslo_2023-03-31_reviews.csv.gz rows 145
13:59:42 [54/115] mexico_df_mexico-city_2023-03-29_reviews.csv.gz rows 143
13:59:45 [55/115] portugal_norte_porto_2023-03-17_reviews.csv.gz rows 144
13:59:45 [56/115] singapore_sg_singapore_2023-03-29_reviews.csv.gz rows 141
13:59:45 [57/115] portugal_lisbon_lisbon_2023-03-19_reviews.csv.gz rows 150
13:59:47 [58/115] spain_andalucía_malaga_2023-03-31_reviews.csv.gz rows 138
13:59:47 [59/115] south-africa_wc_cape-town_2023-03-29_reviews.csv.gz rows 143
13:59:47 [60/115] new-zealand_2023-05-13_reviews.csv.gz rows 145
13:59:48 [61/115] spain_catalonia_girona_2023-03-31_reviews.csv.gz rows 144
13:59:48 [62/115] spain_andalucía_sevilla_2023-03-31_reviews.csv.gz rows 146
13:59:49 [63/115] spain_catalonia_barcelona_2023-03-14_reviews.csv.gz rows 147
13:59:50 [64/115] spain_islas-baleares_mallorca_2023-03-17_reviews.csv.gz rows 140
13:59:50 [65/115] spain_islas-baleares_menorca_2023-03-31_reviews.csv.gz rows 129
13:59:50 [66/115] spain_pv_euskadi_2023-03-31_reviews.csv.gz rows 136
13:59:51 [67/115] spain_vc_valencia_2023-03-19_reviews.csv.gz rows 141
13:59:51 [68/115] sweden_stockholms-län_stockholm_2023-03-31_reviews.csv.gz rows 144
13:59:51 [69/115] switzerland_geneva_geneva_2023-03-30_reviews.csv.gz rows 139
13:59:51 [70/115] switzerland_vd_vaud_2023-05-03_reviews.csv.gz rows 148
13:59:51 [71/115] spain_comunidad-de-madrid_madrid_2023-03-15_reviews.csv.gz rows 157
13:59:51 [72/115] switzerland_zürich_zurich_2023-03-31_reviews.csv.gz rows 140
13:59:51 [73/115] taiwan_northern-taiwan_taipei_2023-03-31_reviews.csv.gz rows 134
13:59:51 [74/115] the-netherlands_south-holland_rotterdam_2023-03-26_reviews.csv.gz rows 139
13:59:52 [75/115] the-netherlands_south-holland_the-hague_2023-03-26_reviews.csv.gz rows 131
13:59:52 [76/115] thailand_central-thailand_bangkok_2023-03-28_reviews.csv.gz rows 142
13:59:52 [77/115] the-netherlands_north-holland_amsterdam_2023-03-09_reviews.csv.gz rows 166
13:59:52 [78/115] united-kingdom_england_bristol_2023-03-28_reviews.csv.gz rows 138
13:59:53 [79/115] united-kingdom_england_greater-manchester_2023-03-27_reviews.csv.gz rows 134
13:59:53 [80/115] turkey_marmara_istanbul_2023-03-31_reviews.csv.gz rows 148
13:59:54 [81/115] united-kingdom_scotland_edinburgh_2023-03-17_reviews.csv.gz rows 152
13:59:55 [82/115] united-states_ca_oakland_2023-03-24_reviews.csv.gz rows 162
13:59:55 [83/115] united-states_ca_pacific-grove_2023-03-31_reviews.csv.gz rows 153
13:59:58 [84/115] united-kingdom_england_london_2023-03-14_reviews.csv.gz rows 157
13:59:58 [85/115] united-states_ca_san-diego_2023-03-24_reviews.csv.gz rows 154
13:59:58 [86/115] united-states_ca_san-mateo-county_2023-03-26_reviews.csv.gz rows 144
13:59:58 [87/115] united-states_ca_los-angeles_2023-03-07_reviews.csv.gz rows 167
13:59:59 [88/115] united-states_ca_san-francisco_2023-03-06_reviews.csv.gz rows 167
13:59:59 [89/115] united-states_ca_santa-clara-county_2023-03-26_reviews.csv.gz rows 156
13:59:59 [90/115] united-states_ca_santa-cruz-county_2023-03-31_reviews.csv.gz rows 165
13:59:59 [91/115] united-states_co_denver_2023-03-31_reviews.csv.gz rows 169
14:00:00 [92/115] united-states_dc_washington-dc_2023-03-19_reviews.csv.gz rows 167
14:00:00 [93/115] united-states_fl_broward-county_2023-03-27_reviews.csv.gz rows 141
14:00:01 [94/115] united-states_il_chicago_2023-03-19_reviews.csv.gz rows 161
14:00:02 [95/115] united-states_ma_boston_2023-03-19_reviews.csv.gz rows 164
14:00:02 [96/115] united-states_ma_cambridge_2023-03-29_reviews.csv.gz rows 150
14:00:02 [97/115] united-states_la_new-orleans_2023-03-09_reviews.csv.gz rows 154
14:00:02 [98/115] united-states_mt_bozeman_2023-05-13_reviews.csv.gz rows 116
14:00:03 [99/115] united-states_mn_twin-cities-msa_2023-03-23_reviews.csv.gz rows 156
14:00:03 [100/115] united-states_nj_jersey-city_2023-03-26_reviews.csv.gz rows 139
14:00:03 [101/115] united-states_nj_newark_2023-03-31_reviews.csv.gz rows 132
14:00:03 [102/115] united-states_nc_asheville_2023-03-19_reviews.csv.gz rows 141
14:00:04 [103/115] united-states_hi_hawaii_2023-03-16_reviews.csv.gz rows 159
14:00:04 [104/115] united-states_oh_columbus_2023-03-28_reviews.csv.gz rows 132
14:00:04 [105/115] united-states_nv_clark-county-nv_2023-03-27_reviews.csv.gz rows 138
14:00:04 [106/115] united-states_or_salem-or_2023-03-26_reviews.csv.gz rows 126
14:00:05 [107/115] united-states_ri_rhode-island_2023-03-31_reviews.csv.gz rows 149
14:00:06 [108/115] united-states_or_portland_2023-03-23_reviews.csv.gz rows 158
14:00:07 [109/115] united-states_tn_nashville_2023-03-19_reviews.csv.gz rows 158
14:00:07 [110/115] united-states_tx_austin_2023-03-16_reviews.csv.gz rows 169
14:00:08 [111/115] united-states_ny_new-york-city_2023-03-06_reviews.csv.gz rows 168
14:00:08 [112/115] united-states_tx_fort-worth_2023-03-15_reviews.csv.gz rows 150
14:00:08 [113/115] united-states_tx_dallas_2023-05-18_reviews.csv.gz rows 134
14:00:08 [114/115] united-states_wa_seattle_2023-03-24_reviews.csv.gz rows 160
14:00:13 [115/115] japan_kanto_tokyo_2026-08-31_reviews.csv.gz rows 177
14:00:14 market_vintage_monthly.csv 60811 rows, 123 markets, 479 market-vintages; failed []
14:00:19 market_vintage_daily.csv 794595 rows
14:00:19 v1 consistency: v1 49243 rows, v2 held 49512 rows, mismatched 269
exit 0
