[14:02:28] held: 123 markets, latest vintages 2026-06-30..2026-08-31
[14:02:28] archive vintages on disk: 64 (montera34 33, chicagobooth 30, joeydejager 1); unmatched cities: []
[14:02:28]   counted montera34_barcelona_2015-04-30: 157,355 reviews, 8,616 listings
[14:02:28]   counted montera34_barcelona_2015-07-17: 203,941 reviews, 11,012 listings
[14:02:28]   counted montera34_barcelona_2015-09-04: 224,757 reviews, 11,646 listings
[14:02:28]   counted montera34_barcelona_2015-10-02: 242,562 reviews, 11,764 listings
[14:02:28]   counted montera34_barcelona_2016-01-03: 232,100 reviews, 11,053 listings
[14:02:28]   counted montera34_barcelona_2016-11-07: 381,537 reviews, 14,390 listings
[14:02:28]   counted montera34_barcelona_2016-12-08: 388,146 reviews, 14,330 listings
[14:02:28]   counted montera34_barcelona_2017-01-04: 390,575 reviews, 14,317 listings
[14:02:28]   counted montera34_barcelona_2017-02-09: 384,984 reviews, 13,891 listings
[14:02:28]   counted montera34_barcelona_2017-03-06: 394,346 reviews, 14,070 listings
[14:02:28]   counted montera34_barcelona_2017-04-08: 411,371 reviews, 14,184 listings
[14:02:28]   counted montera34_barcelona_2017-05-07: 435,828 reviews, 14,731 listings
[14:02:28]   counted montera34_barcelona_2017-06-05: 456,163 reviews, 15,074 listings
[14:02:28]   counted montera34_barcelona_2017-07-06: 454,407 reviews, 14,824 listings
[14:02:29]   counted montera34_barcelona_2017-08-06: 470,379 reviews, 15,408 listings
[14:02:29]   counted montera34_barcelona_2017-09-12: 480,416 reviews, 15,279 listings
[14:02:29]   counted montera34_barcelona_2017-10-07: 498,411 reviews, 15,296 listings
[14:02:29]   counted montera34_barcelona_2017-11-13: 506,663 reviews, 15,192 listings
[14:02:29]   counted montera34_barcelona_2017-12-09: 507,824 reviews, 15,020 listings
[14:02:29]   counted montera34_barcelona_2018-01-17: 512,365 reviews, 15,252 listings
[14:02:29]   counted montera34_barcelona_2018-02-07: 500,413 reviews, 14,838 listings
[14:02:29]   counted montera34_barcelona_2018-04-12: 546,123 reviews, 15,752 listings
[14:02:29]   counted montera34_barcelona_2018-05-14: 547,588 reviews, 15,599 listings
[14:02:29]   counted montera34_barcelona_2018-06-09: 529,675 reviews, 14,145 listings
[14:02:29]   counted montera34_barcelona_2018-07-10: 553,309 reviews, 14,748 listings
[14:02:29]   counted montera34_barcelona_2018-08-18: 561,090 reviews, 15,209 listings
[14:02:29]   counted montera34_barcelona_2018-09-11: 571,820 reviews, 15,335 listings
[14:02:29]   counted montera34_barcelona_2018-10-10: 577,646 reviews, 14,921 listings
[14:02:29]   counted montera34_barcelona_2018-11-07: 582,931 reviews, 14,677 listings
[14:02:30]   counted montera34_barcelona_2018-12-10: 597,176 reviews, 14,857 listings
[14:02:30]   counted montera34_barcelona_2019-01-14: 575,424 reviews, 14,060 listings
[14:02:30]   counted montera34_barcelona_2019-02-06: 572,598 reviews, 13,710 listings
[14:02:30]   counted montera34_barcelona_2019-03-08: 576,579 reviews, 13,779 listings
[14:02:30]   counted chicagobooth_amsterdam_2015-09-03: 151,119 reviews, 8,255 listings
[14:02:30]   counted chicagobooth_antwerp_2015-10-03: 12,786 reviews, 607 listings
[14:02:30]   counted chicagobooth_athens_2015-07-17: 34,670 reviews, 1,593 listings
[14:02:30]   counted chicagobooth_austin_2015-11-07: 62,976 reviews, 3,827 listings
[14:02:30]   counted chicagobooth_barcelona_2015-10-02: 242,562 reviews, 11,764 listings
[14:02:30]   counted chicagobooth_berlin_2015-10-03: 185,575 reviews, 12,220 listings
[14:02:30]   counted chicagobooth_boston_2015-10-03: 43,123 reviews, 2,095 listings
[14:02:30]   counted chicagobooth_brussels_2015-10-03: 62,637 reviews, 3,704 listings
[14:02:30]   counted chicagobooth_chicago_2015-10-03: 75,180 reviews, 4,142 listings
[14:02:30]   counted chicagobooth_london_2015-09-02: 290,273 reviews, 17,694 listings
[14:02:30]   counted chicagobooth_los-angeles_2015-09-02: 236,230 reviews, 12,830 listings
[14:02:30]   counted chicagobooth_madrid_2015-10-02: 107,199 reviews, 5,675 listings
[14:02:30]   counted chicagobooth_melbourne_2015-10-02: 63,383 reviews, 4,391 listings
[14:02:30]   counted chicagobooth_montreal_2015-10-02: 78,135 reviews, 6,347 listings
[14:02:30]   counted chicagobooth_nashville_2015-10-03: 37,381 reviews, 1,688 listings
[14:02:30]   counted chicagobooth_new-orleans_2015-09-02: 53,524 reviews, 2,135 listings
[14:02:30]   counted chicagobooth_new-york-city_2015-09-01: 366,453 reviews, 22,666 listings
[14:02:30]   counted chicagobooth_oakland_2015-06-22: 16,300 reviews, 937 listings
[14:02:30]   counted chicagobooth_paris_2015-09-02: 417,476 reviews, 25,213 listings
[14:02:30]   counted chicagobooth_portland_2015-09-02: 70,393 reviews, 2,238 listings
[14:02:30]   counted chicagobooth_san-diego_2015-06-22: 43,454 reviews, 2,520 listings
[14:02:30]   counted chicagobooth_san-francisco_2015-11-01: 143,237 reviews, 5,698 listings
[14:02:30]   counted chicagobooth_santa-cruz-county_2015-10-15: 22,121 reviews, 702 listings
[14:02:30]   counted chicagobooth_seattle_2015-06-22: 57,879 reviews, 2,347 listings
[14:02:30]   counted chicagobooth_sydney_2015-10-02: 70,758 reviews, 6,641 listings
[14:02:30]   counted chicagobooth_toronto_2015-09-03: 60,074 reviews, 4,644 listings
[14:02:30]   counted chicagobooth_trentino_2015-10-12: 5,634 reviews, 925 listings
[14:02:30]   counted chicagobooth_venice_2015-07-18: 69,849 reviews, 2,631 listings
[14:02:30]   counted chicagobooth_vienna_2015-07-18: 51,376 reviews, 3,282 listings
[14:02:31]   Washington, D.C.: dump date not in commit message; using max review date + 1 = 2015-10-03
[14:02:31]   counted chicagobooth_washington-dc_nodate: 56,989 reviews, 2,893 listings
[14:02:31]   counted joeydejager_new-york-city_2015-01-01: 277,605 reviews, 19,013 listings
[14:02:31]   held recount australia_nsw_sydney 2026-08-15: 817,296 reviews, pre-2015 3,512, max month diff vs E3 0
[14:02:31]   held recount australia_vic_melbourne 2026-08-15: 1,028,879 reviews, pre-2015 3,995, max month diff vs E3 0
[14:02:31]   held recount austria_vienna_vienna 2026-08-25: 639,814 reviews, pre-2015 5,839, max month diff vs E3 0
[14:02:31]   held recount belgium_bru_brussels 2026-08-28: 338,439 reviews, pre-2015 2,134, max month diff vs E3 0
[14:02:31]   held recount belgium_vlg_antwerp 2026-08-31: 133,296 reviews, pre-2015 510, max month diff vs E3 0
[14:02:31]   held recount canada_on_toronto 2026-08-15: 709,449 reviews, pre-2015 2,934, max month diff vs E3 0
[14:02:31]   held recount canada_qc_montreal 2026-08-10: 470,318 reviews, pre-2015 2,825, max month diff vs E3 0
[14:02:32]   held recount france_ile-de-france_paris 2026-08-15: 2,479,905 reviews, pre-2015 30,134, max month diff vs E3 0
[14:02:32]   held recount germany_be_berlin 2026-08-27: 696,568 reviews, pre-2015 7,478, max month diff vs E3 0
[14:02:32]   held recount greece_attica_athens 2026-08-30: 975,136 reviews, pre-2015 2,864, max month diff vs E3 0
[14:02:32]   held recount italy_trentino-alto-adige-südtirol_trentino 2026-08-31: 217,511 reviews, pre-2015 502, max month diff vs E3 0
[14:02:32]   held recount italy_veneto_venice 2026-08-13: 934,520 reviews, pre-2015 10,941, max month diff vs E3 0
[14:02:33]   held recount spain_catalonia_barcelona 2026-08-23: 1,074,456 reviews, pre-2015 13,910, max month diff vs E3 0
[14:02:33]   held recount spain_comunidad-de-madrid_madrid 2026-08-23: 1,454,341 reviews, pre-2015 7,378, max month diff vs E3 0
[14:02:33]   held recount the-netherlands_north-holland_amsterdam 2026-08-15: 559,062 reviews, pre-2015 9,960, max month diff vs E3 0
[14:02:33]   held recount united-kingdom_england_london 2026-08-18: 2,310,963 reviews, pre-2015 28,711, max month diff vs E3 0
[14:02:33]   held recount united-states_ca_los-angeles 2026-08-10: 1,888,815 reviews, pre-2015 19,940, max month diff vs E3 0
[14:02:33]   held recount united-states_ca_oakland 2026-08-29: 133,940 reviews, pre-2015 1,799, max month diff vs E3 0
[14:02:34]   held recount united-states_ca_san-diego 2026-08-29: 969,883 reviews, pre-2015 4,755, max month diff vs E3 0
[14:02:34]   held recount united-states_ca_san-francisco 2026-08-10: 448,486 reviews, pre-2015 14,209, max month diff vs E3 0
[14:02:34]   held recount united-states_ca_santa-cruz-county 2026-08-31: 183,595 reviews, pre-2015 2,641, max month diff vs E3 0
[14:02:34]   held recount united-states_dc_washington-dc 2026-08-27: 485,744 reviews, pre-2015 4,383, max month diff vs E3 0
[14:02:34]   held recount united-states_il_chicago 2026-08-27: 558,550 reviews, pre-2015 2,642, max month diff vs E3 0
[14:02:34]   held recount united-states_la_new-orleans 2026-08-15: 518,973 reviews, pre-2015 5,206, max month diff vs E3 0
[14:02:34]   held recount united-states_ma_boston 2026-08-27: 261,005 reviews, pre-2015 2,843, max month diff vs E3 0
[14:02:34]   held recount united-states_ny_new-york-city 2026-08-10: 994,127 reviews, pre-2015 21,723, max month diff vs E3 0
[14:02:34]   held recount united-states_or_portland 2026-08-10: 509,957 reviews, pre-2015 5,420, max month diff vs E3 0
[14:02:34]   held recount united-states_tn_nashville 2026-08-27: 852,864 reviews, pre-2015 3,555, max month diff vs E3 0
[14:02:34]   held recount united-states_tx_austin 2026-08-25: 646,737 reviews, pre-2015 5,713, max month diff vs E3 0
[14:02:34]   held recount united-states_wa_seattle 2026-08-29: 633,772 reviews, pre-2015 6,100, max month diff vs E3 0
[14:02:34] held recount: 30 markets recounted from raw; max month diff vs E3 across markets 0
[14:02:37] ladder vs held: 5,039 rows, 30 markets; intra montera34: 43,094 rows, 528 vintage pairs

== cross-source pairs ==
                                                   pair                        window      early       late  gap_months  n_early  n_late    ratio  annual_attrition_pct  n_listings_early  listing_exit_share
                   NYC Jan 2015 -> Sep 2015 (8 months) months 1-36 before early dump 2015-01-01 2015-09-01           8   263272  197098 0.748648             35.223673             18904            0.433771
                   NYC Jan 2015 -> Sep 2015 (8 months)                 calendar 2014 2015-01-01 2015-09-01           8   168319  121774 0.723472             38.463592             18042            0.428944
Barcelona montera34 151002 vs ChicagoBooth (same dump) months 1-36 before early dump 2015-10-02 2015-10-02           0   235609  235609 1.000000                   NaN             11738            0.000000
Barcelona montera34 151002 vs ChicagoBooth (same dump)                 calendar 2014 2015-10-02 2015-10-02           0    75053   75053 1.000000                   NaN              5549            0.000000
             Barcelona Apr 2015 -> Jan 2016 (8 months) months 1-36 before early dump 2015-04-30 2016-01-03           9   142190  100953 0.709987             36.661627              7937            0.401033
             Barcelona Apr 2015 -> Jan 2016 (8 months)                 calendar 2014 2015-04-30 2016-01-03           9    82752   59871 0.723499             35.049273              6446            0.384114

== pooled by age bucket (all archives, months 1-36 before early dump) ==
                                                sample age_bucket  age_bucket_lo  n_rows  n_vintage_pairs  n_markets  n_reviews_archive  n_reviews_held  ratio_weighted  median_row_ratio  mean_age_months  annual_survival  annual_attrition_pct
all archives, review months 1-36 before the early dump       1-12              1    9324              259          1          108543949        90079163        0.829887          0.844833         5.911197         0.684864             31.513605
all archives, review months 1-36 before the early dump      13-24             13    6192              172          1           59041433        34690921        0.587569          0.605156        17.976744         0.701197             29.880289
all archives, review months 1-36 before the early dump      25-36             25    2340               65          1           14782436         6358014        0.430106          0.422962        29.815385         0.712070             28.793009
all archives, review months 1-36 before the early dump      37-48             37    1152               32          1            6032439         2027204        0.336050          0.334959        40.406250         0.723352             27.664776
all archives, review months 1-36 before the early dump      85-96             85     288                8          1            3871849         1039680        0.268523          0.283771        92.500000         0.843183             15.681690
all archives, review months 1-36 before the early dump     97-108             97     396               11          1            5061137         1082752        0.213935          0.232947       102.636364         0.835022             16.497778
all archives, review months 1-36 before the early dump    109-120            109     324                9          1            3469703          608944        0.175503          0.197808       113.000000         0.831280             16.872047
all archives, review months 1-36 before the early dump    121-132            121     972               26         24            3471276          435172        0.125364          0.135629       130.148148         0.825751             17.424906
all archives, review months 1-36 before the early dump    133-144            133     324                9          8             842310          106454        0.126383          0.165635       134.333333         0.831293             16.870734

== L1 by early year ==
  early_year  n_pairs  n_reviews_archive    ratio  mean_gap_months  annual_attrition_pct
       2015      1.0           235609.0 0.613117        13.000000             36.337088
       2016      9.0          2858679.0 0.688286        12.000000             31.171391
       2017     33.0         13838816.0 0.690174        12.001582             30.979220
       2018      7.0          3215277.0 0.679885        11.849353             32.344173

== L1 listing-exit decomposition (pooled over 12m pairs) ==
            n_pairs  listing_exit_share  within_survivor_ratio  total_ratio
early_year                                                                 
2015              1            0.483132               1.016384     0.613117
2016              9            0.435696               1.003378     0.692204
2017             33            0.454844               1.000966     0.689975
2018              7            0.479110               1.011174     0.680063

== held recount vs E3 ==
                                  market_key held_vintage  n_months  recount_total  e3_total  max_abs_month_diff  n_reviews_pre2015
                       australia_nsw_sydney   2026-08-15       140         813784    813784                   0               3512
                    australia_vic_melbourne   2026-08-15       140        1024884   1024884                   0               3995
                      austria_vienna_vienna   2026-08-25       140         633975    633975                   0               5839
                       belgium_bru_brussels   2026-08-28       140         336305    336305                   0               2134
                        belgium_vlg_antwerp   2026-08-31       140         132786    132786                   0                510
                          canada_on_toronto   2026-08-15       140         706515    706515                   0               2934
                         canada_qc_montreal   2026-08-10       140         467493    467493                   0               2825
                 france_ile-de-france_paris   2026-08-15       140        2449771   2449771                   0              30134
                          germany_be_berlin   2026-08-27       140         689090    689090                   0               7478
                       greece_attica_athens   2026-08-30       141         972272    972272                   0               2864
italy_trentino-alto-adige-südtirol_trentino   2026-08-31       141         217009    217009                   0                502
                        italy_veneto_venice   2026-08-13       140         923579    923579                   0              10941
                  spain_catalonia_barcelona   2026-08-23       140        1060546   1060546                   0              13910
           spain_comunidad-de-madrid_madrid   2026-08-23       140        1446963   1446963                   0               7378
    the-netherlands_north-holland_amsterdam   2026-08-15       140         549102    549102                   0               9960
              united-kingdom_england_london   2026-08-18       140        2282252   2282252                   0              28711
               united-states_ca_los-angeles   2026-08-10       140        1868875   1868875                   0              19940
                   united-states_ca_oakland   2026-08-29       140         132141    132141                   0               1799
                 united-states_ca_san-diego   2026-08-29       140         965128    965128                   0               4755
             united-states_ca_san-francisco   2026-08-10       140         434277    434277                   0              14209
         united-states_ca_santa-cruz-county   2026-08-31       141         180954    180954                   0               2641
             united-states_dc_washington-dc   2026-08-27       140         481361    481361                   0               4383
                   united-states_il_chicago   2026-08-27       140         555908    555908                   0               2642
               united-states_la_new-orleans   2026-08-15       140         513767    513767                   0               5206
                    united-states_ma_boston   2026-08-27       140         258162    258162                   0               2843
             united-states_ny_new-york-city   2026-08-10       140         972404    972404                   0              21723
                  united-states_or_portland   2026-08-10       140         504537    504537                   0               5420
                 united-states_tn_nashville   2026-08-27       140         849309    849309                   0               3555
                    united-states_tx_austin   2026-08-25       140         641024    641024                   0               5713
                   united-states_wa_seattle   2026-08-29       140         627672    627672                   0               6100

== L2 per city ==
                                  market_key archive_vintage held_vintage  age_months  n_reviews_2014_archive  n_reviews_2014_held    ratio
                       belgium_bru_brussels      2015-10-03   2026-08-28         130                   18587                 1459 0.078496
                   united-states_il_chicago      2015-10-03   2026-08-27         130                   19894                 1582 0.079521
                          germany_be_berlin      2015-10-03   2026-08-27         130                   55481                 4739 0.085417
                         canada_qc_montreal      2015-10-02   2026-08-10         130                   20194                 1818 0.090027
             united-states_ny_new-york-city      2015-09-01   2026-08-10         131                  121774                10987 0.090225
                        belgium_vlg_antwerp      2015-10-03   2026-08-31         130                    3966                  369 0.093041
                          canada_on_toronto      2015-09-03   2026-08-15         131                   18030                 1878 0.104160
                       australia_nsw_sydney      2015-10-02   2026-08-15         130                   20845                 2294 0.110050
                    united-states_ma_boston      2015-10-03   2026-08-27         130                   12136                 1392 0.114700
    the-netherlands_north-holland_amsterdam      2015-09-03   2026-08-15         131                   50522                 6295 0.124599
                 france_ile-de-france_paris      2015-09-02   2026-08-15         131                  139585                18463 0.132271
                  spain_catalonia_barcelona      2015-10-02   2026-08-23         130                   75053                 9932 0.132333
             united-states_dc_washington-dc      2015-10-03   2026-08-27         130                   16382                 2250 0.137346
                    australia_vic_melbourne      2015-10-02   2026-08-15         130                   18143                 2700 0.148818
           spain_comunidad-de-madrid_madrid      2015-10-02   2026-08-23         130                   31797                 4917 0.154637
                  united-states_or_portland      2015-09-02   2026-08-10         131                   22689                 3536 0.155846
                       greece_attica_athens      2015-07-17   2026-08-30         133                   12966                 2054 0.158414
               united-states_la_new-orleans      2015-09-02   2026-08-15         131                   17816                 2943 0.165189
               united-states_ca_los-angeles      2015-09-02   2026-08-10         131                   72602                12028 0.165670
                   united-states_wa_seattle      2015-06-22   2026-08-29         134                   23512                 3919 0.166681
             united-states_ca_san-francisco      2015-11-01   2026-08-10         129                   44109                 7572 0.171666
              united-kingdom_england_london      2015-09-02   2026-08-18         131                   97094                16767 0.172688
                   united-states_ca_oakland      2015-06-22   2026-08-29         134                    6748                 1178 0.174570
                 united-states_ca_san-diego      2015-06-22   2026-08-29         134                   16478                 3036 0.184246
                      austria_vienna_vienna      2015-07-18   2026-08-25         133                   19498                 3715 0.190532
                    united-states_tx_austin      2015-11-07   2026-08-25         129                   16165                 3219 0.199134
         united-states_ca_santa-cruz-county      2015-10-15   2026-08-31         130                    6250                 1247 0.199520
                 united-states_tn_nashville      2015-10-03   2026-08-27         130                   10025                 2001 0.199601
                        italy_veneto_venice      2015-07-18   2026-08-13         133                   26334                 6735 0.255753
italy_trentino-alto-adige-südtirol_trentino      2015-10-12   2026-08-31         130                    1335                  383 0.286891

== pre-registered lines ==
 line  n_pairs  n_reviews_archive     value        lo        hi  passed                                                                                                                                       detail verdict
  L1       40           17054093 31.234793 10.000000 20.000000   False review-weighted annual attrition, pct, montera34 pairs with early dump 2017-2019, gap 11-13 months, review months 1-36 before the early dump    FAIL
  L2       30            1016010  0.139180  0.096874  0.296874    True               review-weighted 2014-month survival, 2015 ChicagoBooth vintage -> held latest vintage; equal-weighted mean 0.151, median 0.155    PASS
  L3        1             168319  0.065275  0.039180  0.239180    True                                   NYC 2014-month survival, JoeyDeJager 2015-01-01 vintage -> held NYC latest vintage, vs the L2 pooled value    PASS

Spearman(decade-implied annual attrition, E-note 12m attrition) over 30 ChicagoBooth cities: 0.292

== Barcelona supply ==
  dump_date  n_listings  entire_home_share  private_room_share  multi_listing_share  median_price_eur  mean_price_eur  min_nights_30plus_share  listings_with_reviews_share  n_reviews_cumulative
2015-04-30       12033           0.591124            0.406549             0.594532              65.0       80.315466                 0.000166                     0.716197                157355
2015-07-17       14642           0.557028            0.433684             0.594864              65.0       80.073556                 0.000000                     0.752083                203941
2015-09-04       14703           0.532272            0.457594             0.558185              60.0       78.008570                 0.006801                     0.792083                224757
2015-10-02       14539           0.537589            0.451613             0.551413              60.0       78.158333                 0.009698                     0.809134                242562
2016-01-03       14855           0.529855            0.459643             0.536924              59.0       76.061393                 0.008482                     0.744059                232100
2016-11-07       17036           0.508159            0.481099             0.574372              60.0       85.432202                 0.019782                     0.844682                381537
2016-12-08       17369           0.504462            0.483908             0.574932              60.0       83.883125                 0.021417                     0.825379                388146
2017-01-04       17412           0.501666            0.486504             0.579313              60.0       83.759821                 0.021077                     0.822249                390575
2017-02-09       17323           0.500952            0.487675             0.569243              60.0       86.554812                 0.021590                     0.804364                384984
2017-03-06       17539           0.503678            0.485604             0.568048              62.0       91.552939                 0.022578                     0.802269                394346
2017-04-08       17653           0.502408            0.486829             0.566986              62.0       92.092392                 0.022999                     0.803489                411371
2017-05-07       17929           0.501590            0.488761             0.568130              65.0       94.357354                 0.022701                     0.821686                435828
2017-06-05       18362           0.496297            0.495099             0.567640              65.0       95.548524                 0.023363                     0.820989                456163
2017-07-06       18284           0.482662            0.509352             0.559013              65.0       96.532925                 0.022260                     0.810818                454407
2017-08-06       19060           0.461700            0.529801             0.562697              65.0       96.815058                 0.020934                     0.808604                470379
2017-09-12       18284           0.454988            0.536863             0.560873              60.0       95.989718                 0.022752                     0.835977                480416
2017-10-07       18126           0.459230            0.531943             0.559583              60.0       97.463533                 0.022233                     0.844643                498411
2017-11-13       18380           0.463602            0.527530             0.559902              60.0       93.422633                 0.023504                     0.826877                506663
2017-12-09       18690           0.467683            0.523435             0.560995              59.0       92.614072                 0.022953                     0.803852                507824
2018-01-17       18760           0.466205            0.524733             0.561407              59.0       93.618817                 0.022761                     0.814819                512365
2018-02-07       18531           0.465544            0.524850             0.557606              59.0       96.331121                 0.022287                     0.804490                500413
2018-04-12       19168           0.467498            0.523842             0.558431              60.0       98.322308                 0.020190                     0.822934                546123
2018-05-14       18919           0.462921            0.528305             0.560918              60.0       99.160526                 0.019768                     0.828056                547588
2018-06-09       17221           0.402125            0.588177             0.587074              59.0       97.135474                 0.023344                     0.822368                529675
2018-07-10       17788           0.407578            0.582752             0.598156              60.0       97.064594                 0.023387                     0.829998                553309
2018-08-18       19261           0.424381            0.566637             0.618867              55.0       89.465864                 0.128498                     0.790821                561090
2018-09-11       19200           0.447604            0.543646             0.621458              58.0      103.774167                 0.130677                     0.799792                571820
2018-10-10       18473           0.449683            0.540681             0.621123              57.0      113.632924                 0.143615                     0.808640                577646
2018-11-07       18346           0.460972            0.529543             0.624278              56.0      103.061975                 0.150442                     0.801101                582931
2018-12-10       18871           0.465264            0.525303             0.624397              55.0      104.218271                 0.151449                     0.788458                597176
2019-01-14       18033           0.484501            0.505129             0.635779              58.0      107.833694                 0.163090                     0.779682                575424
2019-02-06       17763           0.485053            0.504307             0.638969              60.0      109.504588                 0.163430                     0.771829                572598
2019-03-08       17807           0.492334            0.496827             0.645982              60.0      113.035436                 0.164935                     0.773797                576579
[14:02:44] done in 16.7s; outputs in C:\Users\krish\citadel-abnb-ghcat\data\processed\q3nowcast_v2\E_attrition
