{
  "verdict": "PASS",
  "arithmetic_checks": 21252,
  "max_abs_difference": 1.2747136679536197e-11,
  "output_hashes_verified": 30,
  "source_hashes_verified": 30,
  "preserved_baseline_rows": 15,
  "joint_scenario_rows": 9,
  "descriptive_joint_rows": 3000,
  "new_fits": 0,
  "scope": "Audit of changed integration arithmetic and evidence labels; no L3 re-estimation or repeated historical test",
  "manifest_sha256": "517ca9badf1200e4eef3955abcd9766c1ace7216d909858970ed9b87fbbd5f83"
}

{
  "verdict": "PASS",
  "formula_count": 1875,
  "formula_errors": 0,
  "external_links": 0,
  "checks_count": 316,
  "max_abs_difference": 7.375339549753335e-06,
  "horizon_fraction": 0.7013698630136986,
  "consensus_value": 3161.02149,
  "consensus_vendor": "Yahoo Finance (LSEG family)",
  "consensus_timestamp": "2026-09-13T15:20Z",
  "scope": "Independent raw export caches and CSV cash/share/expectations audit; no native Excel session"
}
