Inspect result written to file: C:\Users\wille\Desktop\Citadel - ABNB\.worktrees\lane4-full\model\lane4_v2\outputs\lane4_model\snapshot_v1\ABNB_L4_review.xlsx.inspect.ndjson
{"workbook":"C:\\Users\\wille\\Desktop\\Citadel - ABNB\\.worktrees\\lane4-full\\model\\lane4_v2\\outputs\\lane4_model\\snapshot_v1\\ABNB_L4_review.xlsx","sheets":8,"status":"Recalculated, independently tied, input perturbations verified"}
{
  "data_dir": "C:\\Users\\wille\\Desktop\\Citadel - ABNB\\.worktrees\\lane4-full\\data\\processed\\forecast_methods\\lane4_model_v2\\snapshot_v1",
  "workbook_dir": "C:\\Users\\wille\\Desktop\\Citadel - ABNB\\.worktrees\\lane4-full\\model\\lane4_v2\\outputs\\lane4_model\\snapshot_v1",
  "legacy": {
    "method": "Independent equations on published annual CSV; input precision four decimals",
    "lenses": [
      180.87628642066753,
      152.50138606420973,
      117.25723723116431,
      110.57976269330466,
      196.91748801883358,
      182.5889091775543
    ],
    "ebitda_lens": 180.87628642066753,
    "six_lens_mean": 156.786844934289,
    "tolerance_usd_per_share": 0.001,
    "legacy_target_label": "Approximately 30 September 2027; FY27-end balances",
    "new_target_convention": "13 September 2027; 256/365 of FY27 cash/share flows; no adopted target"
  },
  "scenario_summary": [
    {
      "scenario": "review_with_k",
      "scenario_label": "Review with fee mechanics",
      "q4_revenue_musd": 3179.3436542864,
      "q4_guide_musd": 3123.419115173384,
      "fy26_revenue_musd": 14273.70658378032,
      "fy27_revenue_musd": 15952.233240744836,
      "fy27_ebitda_musd": 5807.532521622368,
      "fy27_net_income_musd": 3355.023537964532,
      "fy27_fcf_musd": 5536.825326066617,
      "fy27_net_cash_musd": 10282.596148948478,
      "fy27_shares_m": 574.598178232489,
      "exit_multiple": 16.5,
      "enterprise_value_musd": 95824.28660676908,
      "equity_value_musd": 105853.34240204286,
      "value_per_share": 182.86701631744037,
      "horizon_date": "2027-09-13",
      "horizon_fraction": 0.7013698630136986,
      "horizon_net_cash_musd": 10029.055795273789,
      "horizon_shares_m": 578.8542107467383,
      "december_equity_value_musd": 106106.88275571755,
      "december_value_per_share": 184.66275525291607,
      "date_only_value_difference": 1.795738935475697
    },
    {
      "scenario": "review_without_k",
      "scenario_label": "Review without fee mechanics",
      "q4_revenue_musd": 3175.92643761104,
      "q4_guide_musd": 3120.0620072149163,
      "fy26_revenue_musd": 14270.28936710496,
      "fy27_revenue_musd": 15939.53130946185,
      "fy27_ebitda_musd": 5797.985932429117,
      "fy27_net_income_musd": 3347.477720515169,
      "fy27_fcf_musd": 5527.8884295749485,
      "fy27_net_cash_musd": 10273.21778456958,
      "fy27_shares_m": 574.598178232489,
      "exit_multiple": 16.5,
      "enterprise_value_musd": 95666.76788508044,
      "equity_value_musd": 105689.11414259888,
      "value_per_share": 182.58330367201947,
      "horizon_date": "2027-09-13",
      "horizon_fraction": 0.7013698630136986,
      "horizon_net_cash_musd": 10022.346257518431,
      "horizon_shares_m": 578.8542107467383,
      "december_equity_value_musd": 105939.98566965002,
      "december_value_per_share": 184.37229647251942,
      "date_only_value_difference": 1.7889928004999547
    },
    {
      "scenario": "k0_conditional",
      "scenario_label": "K0 conditional GBV",
      "q4_revenue_musd": 3214.7757508938,
      "q4_guide_musd": 3158.227962491609,
      "fy26_revenue_musd": 14309.13868038772,
      "fy27_revenue_musd": 16057.898603629294,
      "fy27_ebitda_musd": 5888.213340188846,
      "fy27_net_income_musd": 3418.8074022049464,
      "fy27_fcf_musd": 5612.43420721464,
      "fy27_net_cash_musd": 10369.793538780597,
      "fy27_shares_m": 574.598178232489,
      "exit_multiple": 16.5,
      "enterprise_value_musd": 97155.52011311596,
      "equity_value_musd": 107249.19420768725,
      "value_per_share": 185.27842108867577,
      "horizon_date": "2027-09-13",
      "horizon_fraction": 0.7013698630136986,
      "horizon_net_cash_musd": 10093.674094571294,
      "horizon_shares_m": 578.8542107467383,
      "december_equity_value_musd": 107525.31365189655,
      "december_value_per_share": 187.1313166753386,
      "date_only_value_difference": 1.8528955866628394
    },
    {
      "scenario": "nights_case_a",
      "scenario_label": "Alternative nights A",
      "q4_revenue_musd": 3179.3436542864,
      "q4_guide_musd": 3123.419115173384,
      "fy26_revenue_musd": 14273.70658378032,
      "fy27_revenue_musd": 15965.564327356486,
      "fy27_ebitda_musd": 5814.850931069988,
      "fy27_net_income_musd": 3360.7822816990247,
      "fy27_fcf_musd": 5543.503843356876,
      "fy27_net_cash_musd": 10283.700681145492,
      "fy27_shares_m": 574.598178232489,
      "exit_multiple": 16.5,
      "enterprise_value_musd": 95945.0403626548,
      "equity_value_musd": 105973.20628359236,
      "value_per_share": 183.07408725054262,
      "horizon_date": "2027-09-13",
      "horizon_fraction": 0.7013698630136986,
      "horizon_net_cash_musd": 10028.165920937548,
      "horizon_shares_m": 578.8542107467383,
      "december_equity_value_musd": 106228.7410438003,
      "december_value_per_share": 184.8748309132629,
      "date_only_value_difference": 1.8007436627202935
    },
    {
      "scenario": "adr_mean_reversion",
      "scenario_label": "ADR mean reversion",
      "q4_revenue_musd": 3129.86616348533,
      "q4_guide_musd": 3074.8119316339366,
      "fy26_revenue_musd": 14224.22909297925,
      "fy27_revenue_musd": 15824.412911522371,
      "fy27_ebitda_musd": 5708.74114092038,
      "fy27_net_income_musd": 3276.9107397733433,
      "fy27_fcf_musd": 5444.169321167305,
      "fy27_net_cash_musd": 10168.444890869649,
      "fy27_shares_m": 574.598178232489,
      "exit_multiple": 16.5,
      "enterprise_value_musd": 94194.22882518626,
      "equity_value_musd": 104136.8032378169,
      "value_per_share": 179.90160787372952,
      "horizon_date": "2027-09-13",
      "horizon_fraction": 0.7013698630136986,
      "horizon_net_cash_musd": 9942.574412630645,
      "horizon_shares_m": 578.8542107467383,
      "december_equity_value_musd": 104362.67371605591,
      "december_value_per_share": 181.62722693810838,
      "date_only_value_difference": 1.7256190643788614
    },
    {
      "scenario": "review_with_k_fx_down_sensitivity",
      "scenario_label": "Illustrative revenue \u22121%",
      "q4_revenue_musd": 3147.550217743536,
      "q4_guide_musd": 3092.18492402165,
      "fy26_revenue_musd": 14193.829517942517,
      "fy27_revenue_musd": 15833.198805203941,
      "fy27_ebitda_musd": 5687.87910701666,
      "fy27_net_income_musd": 3260.15785421586,
      "fy27_fcf_musd": 5422.885564366871,
      "fy27_net_cash_musd": 10091.2555104519,
      "fy27_shares_m": 574.598178232489,
      "exit_multiple": 16.5,
      "enterprise_value_musd": 93850.00526577489,
      "equity_value_musd": 103721.74626919668,
      "value_per_share": 179.18457591487964,
      "horizon_date": "2027-09-13",
      "horizon_fraction": 0.7013698630136986,
      "horizon_net_cash_musd": 9871.741003421794,
      "horizon_shares_m": 578.8542107467383,
      "december_equity_value_musd": 103941.26077622679,
      "december_value_per_share": 180.89382235070534,
      "date_only_value_difference": 1.7092464358256905
    },
    {
      "scenario": "review_with_k_fx_up_sensitivity",
      "scenario_label": "Illustrative revenue +1%",
      "q4_revenue_musd": 3211.1370908292643,
      "q4_guide_musd": 3154.653306325118,
      "fy26_revenue_musd": 14353.583649618124,
      "fy27_revenue_musd": 16071.267676285732,
      "fy27_ebitda_musd": 5927.185936228077,
      "fy27_net_income_musd": 3449.8892217132047,
      "fy27_fcf_musd": 5650.765087766362,
      "fy27_net_cash_musd": 10473.936787445053,
      "fy27_shares_m": 574.598178232489,
      "exit_multiple": 16.5,
      "enterprise_value_musd": 97798.56794776327,
      "equity_value_musd": 107984.93853488905,
      "value_per_share": 186.5494567200011,
      "horizon_date": "2027-09-13",
      "horizon_fraction": 0.7013698630136986,
      "horizon_net_cash_musd": 10186.370587125783,
      "horizon_shares_m": 578.8542107467383,
      "december_equity_value_musd": 108272.50473520832,
      "december_value_per_share": 188.43168815512678,
      "date_only_value_difference": 1.882231435125675
    },
    {
      "scenario": "joint_soft",
      "scenario_label": "Conditional soft envelope",
      "q4_revenue_musd": 3103.8713895762,
      "q4_guide_musd": 2987.9393430652676,
      "fy26_revenue_musd": 14170.367652403449,
      "fy27_revenue_musd": 15741.16554275318,
      "fy27_ebitda_musd": 5625.060885833587,
      "fy27_net_income_musd": 3210.5659167590466,
      "fy27_fcf_musd": 5364.484939781435,
      "fy27_net_cash_musd": 10036.568773565827,
      "fy27_shares_m": 574.598178232489,
      "exit_multiple": 16.5,
      "enterprise_value_musd": 92813.50461625418,
      "equity_value_musd": 102647.99906930994,
      "value_per_share": 177.32962318247823,
      "horizon_date": "2027-09-13",
      "horizon_fraction": 0.7013698630136986,
      "horizon_net_cash_musd": 9834.494453055755,
      "horizon_shares_m": 578.8542107467383,
      "december_equity_value_musd": 102850.07338982001,
      "december_value_per_share": 178.99477806594385,
      "date_only_value_difference": 1.6651548834656182
    },
    {
      "scenario": "joint_firm",
      "scenario_label": "Conditional firm envelope",
      "q4_revenue_musd": 3205.7493582864,
      "q4_guide_musd": 3149.360343801505,
      "fy26_revenue_musd": 14327.97895444699,
      "fy27_revenue_musd": 16049.945718012528,
      "fy27_ebitda_musd": 5899.671104957442,
      "fy27_net_income_musd": 3428.0308747962645,
      "fy27_fcf_musd": 5624.273710492841,
      "fy27_net_cash_musd": 10417.06047545746,
      "fy27_shares_m": 574.598178232489,
      "exit_multiple": 16.5,
      "enterprise_value_musd": 97344.5732317978,
      "equity_value_musd": 107481.97863056013,
      "value_per_share": 185.680567982576,
      "horizon_date": "2027-09-13",
      "horizon_fraction": 0.7013698630136986,
      "horizon_net_cash_musd": 10137.405398762337,
      "horizon_shares_m": 578.8542107467383,
      "december_equity_value_musd": 107761.63370725526,
      "december_value_per_share": 187.54259548601226,
      "date_only_value_difference": 1.8620275034362521
    }
  ]
}
